// Jest Snapshot v1, https://goo.gl/fbAQLP

exports[`title to contain React Jest Testing 101 1`] = `
<h3>
  React Jest Testing 101
</h3>
`;
